test_all_cannot_be_mixed_with_other_targets (test_all.AllControllerTests.test_all_cannot_be_mixed_with_other_targets) ... ok
test_child_working_directory_and_environment_isolation (test_all.AllControllerTests.test_child_working_directory_and_environment_isolation) ... ok
test_common_aliases (test_all.AllControllerTests.test_common_aliases) ... ok
test_common_down_rejects_deletion_flags (test_all.AllControllerTests.test_common_down_rejects_deletion_flags) ... ok
test_dangling_env_symlink_is_not_overwritten (test_all.AllControllerTests.test_dangling_env_symlink_is_not_overwritten) ... ok
test_default_status_visits_all_projects (test_all.AllControllerTests.test_default_status_visits_all_projects) ... ok
test_down_reverses_selection_without_purge (test_all.AllControllerTests.test_down_reverses_selection_without_purge) ... ok
test_dry_run_creates_nothing_and_executes_nothing (test_all.AllControllerTests.test_dry_run_creates_nothing_and_executes_nothing) ... ok
test_dry_run_still_requires_reset_confirmation (test_all.AllControllerTests.test_dry_run_still_requires_reset_confirmation) ... ok
test_fail_fast_marks_unattempted_projects (test_all.AllControllerTests.test_fail_fast_marks_unattempted_projects) ... ok
test_failed_initialization_prevents_start (test_all.AllControllerTests.test_failed_initialization_prevents_start) ... ok
test_failed_shutdown_prevents_restart_start (test_all.AllControllerTests.test_failed_shutdown_prevents_restart_start) ... ok
test_failure_continues_and_returns_nonzero (test_all.AllControllerTests.test_failure_continues_and_returns_nonzero) ... ok
test_health_json_is_routed_without_status_headings (test_all.AllControllerTests.test_health_json_is_routed_without_status_headings) ... ok
test_helm_custom_release_namespace_timeout (test_all.AllControllerTests.test_helm_custom_release_namespace_timeout) ... ok
test_helm_exit_status_is_preserved (test_all.AllControllerTests.test_helm_exit_status_is_preserved) ... ok
test_helm_non_mutating_commands_and_aliases (test_all.AllControllerTests.test_helm_non_mutating_commands_and_aliases) ... ok
test_helm_uninstall_requires_confirmation (test_all.AllControllerTests.test_helm_uninstall_requires_confirmation) ... ok
test_helm_upgrade_uses_chart_defaults_and_caller_cwd (test_all.AllControllerTests.test_helm_upgrade_uses_chart_defaults_and_caller_cwd) ... ok
test_help_and_dry_run_do_not_require_python_or_container_tools (test_all.AllControllerTests.test_help_and_dry_run_do_not_require_python_or_container_tools) ... ok
test_help_and_list_require_no_runtime (test_all.AllControllerTests.test_help_and_list_require_no_runtime) ... ok
test_init_preserves_existing_env (test_all.AllControllerTests.test_init_preserves_existing_env) ... ok
test_interrupt_exit_stops_batch (test_all.AllControllerTests.test_interrupt_exit_stops_batch) ... ok
test_k8s_target_overrides_and_protected_namespace_rejected (test_all.AllControllerTests.test_k8s_target_overrides_and_protected_namespace_rejected) ... ok
test_k8s_upgrade_cannot_bypass_plan_checks (test_all.AllControllerTests.test_k8s_upgrade_cannot_bypass_plan_checks) ... ok
test_k8s_write_requires_explicit_allowed_context (test_all.AllControllerTests.test_k8s_write_requires_explicit_allowed_context) ... ok
test_lock_rejects_competing_lifecycle (test_all.AllControllerTests.test_lock_rejects_competing_lifecycle) ... ok
test_logs_requires_valid_single_project (test_all.AllControllerTests.test_logs_requires_valid_single_project) ... ok
test_logs_routes_one_project (test_all.AllControllerTests.test_logs_routes_one_project) ... ok
test_missing_entrypoint_preflights_entire_selection (test_all.AllControllerTests.test_missing_entrypoint_preflights_entire_selection) ... ok
test_missing_helm_has_clear_error (test_all.AllControllerTests.test_missing_helm_has_clear_error) ... ok
test_missing_template_preflights_entire_selection (test_all.AllControllerTests.test_missing_template_preflights_entire_selection) ... ok
test_native_exit_status_preserved (test_all.AllControllerTests.test_native_exit_status_preserved) ... ok
test_no_arguments_only_shows_help (test_all.AllControllerTests.test_no_arguments_only_shows_help) ... ok
test_offline_tests_use_existing_test_scripts (test_all.AllControllerTests.test_offline_tests_use_existing_test_scripts) ... ok
test_preflight_failure_starts_nothing (test_all.AllControllerTests.test_preflight_failure_starts_nothing) ... ok
test_project_first_preserves_native_semantics_and_arguments (test_all.AllControllerTests.test_project_first_preserves_native_semantics_and_arguments) ... ok
test_project_without_command_gets_native_help (test_all.AllControllerTests.test_project_without_command_gets_native_help) ... ok
test_real_receipt_excludes_native_sql_arguments (test_all.AllControllerTests.test_real_receipt_excludes_native_sql_arguments) ... ok
test_reset_limits_scope (test_all.AllControllerTests.test_reset_limits_scope) ... ok
test_reset_requires_scope_and_confirmation (test_all.AllControllerTests.test_reset_requires_scope_and_confirmation) ... ok
test_reset_uses_each_native_deletion_guard (test_all.AllControllerTests.test_reset_uses_each_native_deletion_guard) ... ok
test_restart_is_down_init_up (test_all.AllControllerTests.test_restart_is_down_init_up) ... ok
test_selected_order_and_alias_deduplication (test_all.AllControllerTests.test_selected_order_and_alias_deduplication) ... ok
test_start_initializes_before_up (test_all.AllControllerTests.test_start_initializes_before_up) ... ok
test_symlink_and_foreign_working_directory (test_all.AllControllerTests.test_symlink_and_foreign_working_directory) ... ok
test_termination_exit_stops_batch (test_all.AllControllerTests.test_termination_exit_stops_batch) ... ok
test_trailing_dry_run_supported_for_common_commands (test_all.AllControllerTests.test_trailing_dry_run_supported_for_common_commands) ... ok
test_unknown_commands_and_options (test_all.AllControllerTests.test_unknown_commands_and_options) ... ok
test_unknown_target_prevents_all_side_effects (test_all.AllControllerTests.test_unknown_target_prevents_all_side_effects) ... ok
test_up_creates_es_kafka_env_privately (test_all.AllControllerTests.test_up_creates_es_kafka_env_privately) ... ok
test_bad_mode_and_legacy_not_silently_enabled (test_chart_contracts.ChartContracts.test_bad_mode_and_legacy_not_silently_enabled) ... ok
test_bootstrap_and_recovery_mutually_exclusive (test_chart_contracts.ChartContracts.test_bootstrap_and_recovery_mutually_exclusive) ... ok
test_config_changes_trigger_rollout (test_chart_contracts.ChartContracts.test_config_changes_trigger_rollout) ... ok
test_default_only_redis_and_sentinels (test_chart_contracts.ChartContracts.test_default_only_redis_and_sentinels) ... ok
test_full_profile_and_service_selectors (test_chart_contracts.ChartContracts.test_full_profile_and_service_selectors) ... ok
test_kafka_dependent_environment_order (test_chart_contracts.ChartContracts.test_kafka_dependent_environment_order) ... ok
test_long_names_do_not_collide (test_chart_contracts.ChartContracts.test_long_names_do_not_collide) ... ok
test_mariadb_storage_and_credentials (test_chart_contracts.ChartContracts.test_mariadb_storage_and_credentials) ... ok
test_network_policy_and_distributed_opt_in (test_chart_contracts.ChartContracts.test_network_policy_and_distributed_opt_in) ... ok
test_peer_dns_published_before_readiness (test_chart_contracts.ChartContracts.test_peer_dns_published_before_readiness) ... ok
test_pod_readiness_resources_and_parallel_bootstrap (test_chart_contracts.ChartContracts.test_pod_readiness_resources_and_parallel_bootstrap) ... ok
test_role_discovery_and_no_forced_galera_recovery (test_chart_contracts.ChartContracts.test_role_discovery_and_no_forced_galera_recovery) ... ok
test_sentinel_persistent_config_and_hostname_contract (test_chart_contracts.ChartContracts.test_sentinel_persistent_config_and_hostname_contract) ... ok
test_two_releases_do_not_share_selectors (test_chart_contracts.ChartContracts.test_two_releases_do_not_share_selectors) ... ok
test_unsupported_node_count_and_plain_password_rejected (test_chart_contracts.ChartContracts.test_unsupported_node_count_and_plain_password_rejected) ... ok
test_zookeeper_actual_image_directories_and_ids (test_chart_contracts.ChartContracts.test_zookeeper_actual_image_directories_and_ids) ... ok
test_cli_default_selection_parses (test_guards.ControlTests.test_cli_default_selection_parses) ... ok
test_duplicate_settings_refused (test_guards.ControlTests.test_duplicate_settings_refused) ... ok
test_existing_public_es_is_rejected (test_guards.ControlTests.test_existing_public_es_is_rejected) ... ok
test_health_failure_does_not_echo_native_secrets (test_guards.ControlTests.test_health_failure_does_not_echo_native_secrets) ... ok
test_kafka_ports_and_bounds (test_guards.ControlTests.test_kafka_ports_and_bounds) ... ok
test_preflight_detects_planned_collisions (test_guards.ControlTests.test_preflight_detects_planned_collisions) ... ok
test_receipts_are_private_and_not_health_claims (test_guards.ControlTests.test_receipts_are_private_and_not_health_claims) ... ok
test_settings_are_data_and_env_overrides_win (test_guards.ControlTests.test_settings_are_data_and_env_overrides_win) ... ok
test_uninitialized_health_never_starts_children (test_guards.ControlTests.test_uninitialized_health_never_starts_children) ... ok
test_invalid_address_refused (test_guards.ExposureTests.test_invalid_address_refused) ... ok
test_loopback_no_ack (test_guards.ExposureTests.test_loopback_no_ack) ... ok
test_old_public_env_refused (test_guards.ExposureTests.test_old_public_env_refused) ... ok
test_public_ack_warns (test_guards.ExposureTests.test_public_ack_warns) ... ok
test_up_contains_no_host_policy_write (test_guards.ExposureTests.test_up_contains_no_host_policy_write) ... ok
test_default_and_malformed_credentials_refused (test_guards.K8sGuardTests.test_default_and_malformed_credentials_refused) ... ok
test_existing_values_used_and_bootstrap_sealing_reported (test_guards.K8sGuardTests.test_existing_values_used_and_bootstrap_sealing_reported) ... ok
test_failed_command_never_echoes_secret_output (test_guards.K8sGuardTests.test_failed_command_never_echoes_secret_output) ... ok
test_fresh_bootstrap_refuses_existing_pvc (test_guards.K8sGuardTests.test_fresh_bootstrap_refuses_existing_pvc) ... ok
test_immutable_selector_migration_refused (test_guards.K8sGuardTests.test_immutable_selector_migration_refused) ... ok
test_init_creates_secret_via_stdin_only (test_guards.K8sGuardTests.test_init_creates_secret_via_stdin_only) ... ok
test_init_preserves_existing_credentials (test_guards.K8sGuardTests.test_init_preserves_existing_credentials) ... ok
test_missing_default_storageclass_refused (test_guards.K8sGuardTests.test_missing_default_storageclass_refused) ... ok
test_old_chart_migration_refused (test_guards.K8sGuardTests.test_old_chart_migration_refused) ... ok
test_secret_keys_checked (test_guards.K8sGuardTests.test_secret_keys_checked) ... ok

----------------------------------------------------------------------
Ran 91 tests in 4.176s

OK
